Testez le nouveau système multiplateforme PowerShell https://aka.ms/pscore6

PS C:\Users\Doud> cd
PS C:\Users\Doud> cd c:\
PS C:\> cd '.\Program Files\'
PS C:\Program Files> md dossierTest
+ md dossierTest
+ ~~~~~~~~~~~~~~
    + CategoryInfo          : PermissionDenied: (C:\Program Files\dossierTest:String) [New-Item], UnauthorizedAccessEx
   ception
    + FullyQualifiedErrorId : CreateDirectoryUnauthorizedAccessError,Microsoft.PowerShell.Commands.NewItemCommand

PS C:\Program Files> cd c:\
PS C:\> md dossierTest




Mode                 LastWriteTime         Length Name
----                 -------------         ------ ----
d-----        04/11/2022     12:56                dossierTest


PS C:\> cd '.\dossierTest\'
Cloning into 'Alkas-2022-2023'...
remote: Counting objects: 100% (130/130), done.
remote: Compressing objects: 100% (98/98), done.
remote: Total 130 (delta 27), reused 129 (delta 26), pack-reused 0
Receiving objects: 100% (130/130), 2.71 MiB | 2.47 MiB/s, done.
Resolving deltas: 100% (27/27), done.
PS C:\dossierTest> cd .\Alkas-2022-2023\
PS C:\dossierTest\Alkas-2022-2023> md fichierTest.txt



Mode                 LastWriteTime         Length Name
----                 -------------         ------ ----
d-----        04/11/2022     13:02                fichierTest.txt


Your branch is up to date with 'origin/main'.

Untracked files:
  (use "git add <file>..." to include in what will be committed)
        test.txt.txt

nothing added to commit but untracked files present (use "git add" to track)
fatal: pathspec 'test.txt' did not match any files
PS C:\dossierTest\Alkas-2022-2023> git status
Your branch is up to date with 'origin/main'.

  (use "git add <file>..." to include in what will be committed)
        test.txt.txt

PS C:\dossierTest\Alkas-2022-2023> git add test.txt.txt
PS C:\dossierTest\Alkas-2022-2023> git status
On branch main
Your branch is up to date with 'origin/main'.

Changes to be committed:
  (use "git restore --staged <file>..." to unstage)
        new file:   test.txt.txt
PS C:\dossierTest\Alkas-2022-2023> git branch Quentin
PS C:\dossierTest\Alkas-2022-2023> git status
On branch main
Your branch is up to date with 'origin/main'.

Changes to be committed:
  (use "git restore --staged <file>..." to unstage)
        new file:   test.txt.txt

PS C:\dossierTest\Alkas-2022-2023> git branch
  Quentin
* main
PS C:\dossierTest\Alkas-2022-2023> git switch Quentin
Switched to branch 'Quentin'
A       test.txt.txt
PS C:\dossierTest\Alkas-2022-2023> git commit -a -m "voici un commentaire"
[Quentin 686329e] voici un commentaire
 1 file changed, 0 insertions(+), 0 deletions(-)
 create mode 100644 test.txt.txt
PS C:\dossierTest\Alkas-2022-2023> git push
fatal: The current branch Quentin has no upstream branch.
To push the current branch and set the remote as upstream, use

    git push --set-upstream origin Quentin

To have this happen automatically for branches without a tracking
upstream, see 'push.autoSetupRemote' in 'git help config'.

PS C:\dossierTest\Alkas-2022-2023> git push --set-upstream origin Quentin
Enumerating objects: 4, done.
Counting objects: 100% (4/4), done.
Delta compression using up to 4 threads
Compressing objects: 100% (2/2), done.
Writing objects: 100% (3/3), 270 bytes | 270.00 KiB/s, done.
Total 3 (delta 1), reused 0 (delta 0), pack-reused 0
remote: Resolving deltas: 100% (1/1), completed with 1 local object.
remote:
remote: Create a pull request for 'Quentin' on GitHub by visiting:
remote:      https://github.com/NaturelLaurent/Alkas-2022-2023/pull/new/Quentin
remote:
To https://github.com/NaturelLaurent/Alkas-2022-2023.git
 * [new branch]      Quentin -> Quentin
branch 'Quentin' set up to track 'origin/Quentin'.
PS C:\dossierTest\Alkas-